[www.thespoiledmama.com/products/tummy-butter-for-pregnancy-stretch-marks.html]
[backblue.gif]
[fade.gif]
[index.html]
[cdn.shopify.com/s/files/1/1116/9832/t/47/assets/apple-touch-icon-57x57a56b.png]
[cdn.shopify.com/s/files/1/1116/9832/t/47/assets/apple-touch-icon-60x60a191.png]
[edge.personalizer.io/storefront/2.0.0/js/shopify/storefront.min4440.js]
[cdn.shopify.com/s/files/1/1116/9832/t/47/assets/apple-touch-icon-72x72b136.png]
[cdn.shopify.com/s/files/1/1116/9832/t/47/assets/apple-touch-icon-76x76d19d.png]
[cdn.shopify.com/s/files/1/1116/9832/t/47/assets/apple-touch-icon-114x114648e.png]
[cdn.shopify.com/s/files/1/1116/9832/t/47/assets/apple-touch-icon-120x120f40e.png]
[cdn.shopify.com/s/files/1/1116/9832/t/47/assets/apple-touch-icon-144x14435fd.png]
[cdn.shopify.com/s/files/1/1116/9832/t/47/assets/apple-touch-icon-152x1527bdd.png]
[cdn.shopify.com/s/files/1/1116/9832/t/47/assets/apple-touch-icon-180x1806223.png]
[cdn.shopify.com/s/files/1/1116/9832/files/favicon-32x32d9e0.png]
[cdn.shopify.com/s/files/1/1116/9832/files/android-chrome-192x1929f84.png]
[cdn.shopify.com/s/files/1/1116/9832/files/favicon-96x961e69.png]
[cdn.shopify.com/s/files/1/1116/9832/files/favicon-16x16d249.png]
[cdn.shopify.com/s/files/1/1116/9832/t/47/assets/timber.scss7847.css]
[cdn.shopify.com/s/files/1/1116/9832/t/47/assets/fontawesome81c3.css]
[cdn.shopify.com/s/files/1/1116/9832/t/47/assets/dynamic43ed.css]
[www.thespoiledmama.com/products/tummy-butter-for-pregnancy-stretch-marks.oembed]
[d5zu2f4xvqanl.cloudfront.net/fe/loader_2a1cd.js]
[cdn.shopify.com/s/javascripts/tricorder/trekkie.storefront.min7bee.js]
[cdn.shopify.com/shopifycloud/boomerang/shopify-boomerang-1.0.0.min.js]
[cdn.shopify.com/s/assets/shop_events_listener-43fce3d908d9bd272394a7b71efb84146cdd385cdb9ca0fd444b2281d7f9b65a.js]
[cdn.shopify.com/s/assets/storefront/load_feature-589ff3342d639ed23c94f5fc11e03d64e0788e2a4a687391ebeeeef20eaf2f50.js]
[cdn.shopify.com/s/assets/shopify_pay/storefront-21b5dddfc8b64c1ad68cee3ba7448d1ffa15c24e969ebc1fbccf1a3784b659ad99c2.js]
[cdn.shopify.com/s/assets/storefront/features-87e8399988880142f2c62771b9d8f2ff6c290b3ff745dd426eb0dfe0db9d1dae.js]
[cdn.shopify.com/s/assets/themes_support/ga_urchin_forms-99e991855b3d8ddc69e625c68ab0579dd9927b611c2ec4943d396c72e3af0849.js]
[ajax.googleapis.com/ajax/libs/jquery/1.11.0/jquery.min.js]
[cdn.shopify.com/s/assets/themes_support/option_selection-fe6b72c2bbdd3369ac0bfefe8648e3c889efca213baefd4cfb0dd9363563831f.js]
[cdn.ampproject.org/v0/amp-analytics-0.1.js]
[sdk.loyaltylion.net/static/2/loadera18a.js]
[connect.facebook.net/en_US/sdk.js]
[cdn.shopify.com/s/files/1/1116/9832/t/47/assets/vendor7dd5.js]
[www.thespoiledmama.com/products/bump-gloss-pregnancy-stretch-mark-oil.html]
[www.thespoiledmama.com/products/remodel-for-pregnancy-postpartum-stretch-marks.html]
[www.thespoiledmama.com/products/rehab-serum-skincare-for-pregnancy-acne.html]
[www.thespoiledmama.com/products/happy-legs-swollen-feet-pregnancy-relief.html]
[www.thespoiledmama.com/products/indulge-stretch-mark-scrub.html]
[www.thespoiledmama.com/products/luxe-mama-body-wash-for-pregnancy.html]
[www.thespoiledmama.com/products/nipstick-cream-for-sore-nipples.html]
[cdn.shopify.com/s/files/1/1116/9832/t/47/assets/free_deliveryac43.gif]
[cdn.shopify.com/s/files/1/1116/9832/t/47/assets/logo2ee0.png]
[cdn.shopify.com/s/files/1/1116/9832/t/47/assets/megamenu-imgb054.jpg]
[www.thespoiledmama.com/products/tea-to-increase-breast-milk.html]
[www.thespoiledmama.com/products/balanc-acne-toner.html]
[www.thespoiledmama.com/products/lucid-brightening-treatment-for-melasma.html]
[www.thespoiledmama.com/products/tummy-butter-for-postpartum-stretch-mark-treatment.html]
[www.thespoiledmama.com/products/postpartum-herbal-sitz-bath.html]
[www.thespoiledmama.com/products/the-spoiled-mama-gift-certificate.html]
[www.thespoiledmama.com/products/pregnancy-skincare-samples]
[www.thespoiledmama.com/products/pregnancy-skincare-samples]
[cdn.shopify.com/s/files/1/1116/9832/products/TUMMY-BUTTER-8oz-STRETCH-MARK-TREATMENT_CR-2528-Shot-22-compressor_2af7212c-2dc8-43e2-8842-8b03d1567481_grande621e.jpg]
[cdn.shopify.com/s/files/1/1116/9832/products/ezgif-6-3adc7473b34d_a3aafd4f-d01b-4397-9910-ec6b91d8f657_grande8717.gif]
[cdn.shopify.com/s/files/1/1116/9832/products/TUMMY-BUTTER-4oz-STRETCH-MARK-CREAM_CR-2528-Shot-23-compressor_8d39f65f-3ab7-403d-8888-209fe5abb9ce_grandefba8.jpg]
[cdn.shopify.com/s/files/1/1116/9832/products/tummy-butter-for-stretch-marksstretch-mark-lotionthe-spoiled-mama-incthe-spoiled-mama-10699347_af89ea57-03ce-46de-98e9-1d2039f61519_g]
[cdn.shopify.com/s/files/1/1116/9832/products/badge-545x545px-logo1_3a8d0719-5828-4bcc-9d6f-278927e3abdd_grande9ca0.png]
[cdn.shopify.com/s/files/1/1116/9832/products/Screen_Shot_2019-04-01_at_4.00.13_PM_03c1aad0-d5e2-4924-8484-06054b997237_grandeded1.png]
[cdn.shopify.com/s/files/1/1116/9832/products/TUMMY-BUTTER-8oz-STRETCH-MARK-TREATMENT_CR-2528-Shot-22-compressor_2af7212c-2dc8-43e2-8842-8b03d1567481_large621e.jpg]
[cdn.shopify.com/s/files/1/1116/9832/products/TUMMY-BUTTER-8oz-STRETCH-MARK-TREATMENT_CR-2528-Shot-22-compressor_2af7212c-2dc8-43e2-8842-8b03d1567481_compact621e.jpg]
[cdn.shopify.com/s/files/1/1116/9832/products/ezgif-6-3adc7473b34d_a3aafd4f-d01b-4397-9910-ec6b91d8f657_large8717.gif]
[cdn.shopify.com/s/files/1/1116/9832/products/ezgif-6-3adc7473b34d_a3aafd4f-d01b-4397-9910-ec6b91d8f657_compact8717.gif]
[cdn.shopify.com/s/files/1/1116/9832/products/TUMMY-BUTTER-4oz-STRETCH-MARK-CREAM_CR-2528-Shot-23-compressor_8d39f65f-3ab7-403d-8888-209fe5abb9ce_largefba8.jpg]
[cdn.shopify.com/s/files/1/1116/9832/products/tummy-butter-for-stretch-marksstretch-mark-lotionthe-spoiled-mama-incthe-spoiled-mama-10699347_af89ea57-03ce-46de-98e9-1d2039f61519_l]
[cdn.shopify.com/s/files/1/1116/9832/products/TUMMY-BUTTER-4oz-STRETCH-MARK-CREAM_CR-2528-Shot-23-compressor_8d39f65f-3ab7-403d-8888-209fe5abb9ce_compactfba8.jpg]
[cdn.shopify.com/s/files/1/1116/9832/products/tummy-butter-for-stretch-marksstretch-mark-lotionthe-spoiled-mama-incthe-spoiled-mama-10699347_af89ea57-03ce-46de-98e9-1d2039f61519_c]
[cdn.shopify.com/s/files/1/1116/9832/products/badge-545x545px-logo1_3a8d0719-5828-4bcc-9d6f-278927e3abdd_large9ca0.png]
[cdn.shopify.com/s/files/1/1116/9832/products/badge-545x545px-logo1_3a8d0719-5828-4bcc-9d6f-278927e3abdd_compact9ca0.png]
[cdn.shopify.com/s/files/1/1116/9832/products/Screen_Shot_2019-04-01_at_4.00.13_PM_03c1aad0-d5e2-4924-8484-06054b997237_largeded1.png]
[cdn.shopify.com/s/files/1/1116/9832/products/Screen_Shot_2019-04-01_at_4.00.13_PM_03c1aad0-d5e2-4924-8484-06054b997237_compactded1.png]
[cdn.shopify.com/s/files/1/1116/9832/files/cocoabutter-400x320_d6422d27-50a9-4c90-91f8-4877e58faf70_large852f.png]
[cdn.shopify.com/s/files/1/1116/9832/files/tamanu-400x320_38956905-57da-4b77-a9aa-59f5737a7730_largec147.png]
[cdn.shopify.com/s/files/1/1116/9832/files/seabuckthorn-400x320_largeb79b.png]
[cdn.shopify.com/s/files/1/1116/9832/files/rosehip-400x320_3f47e42d-efaa-414f-ae2b-5e21550c6c77_large4924.png]
[www.thespoiledmama.com/products/_https_/the-spoiled-mama-inc.myshopify.com/collections/stretch-marks_.49.delayed]
[www.thespoiledmama.com/products/_https_/www.thespoiledmama.com/products/bump-gloss-pregnancy-stretch-mark-oil_]
[www.thespoiledmama.com/products/_https_/www.thespoiledmama.com/collections/tummy-butter_]
[www.thespoiledmama.com/products/_https_/www.thespoiledmama.com/collections/pregnancy-oil/products/pregnancy-stretch-mark-prevention-kit_]
[www.thespoiledmama.com/products/_https_/cdn.shopify.com/s/files/1/1116/9832/files/cocoabutter-400x320_d6422d27-50a9-4c90-91f8-4877e58faf70_largecf18.png]
[www.thespoiledmama.com/products/_https_/cdn.shopify.com/s/files/1/1116/9832/files/tamanu-400x320_38956905-57da-4b77-a9aa-59f5737a7730_large3abf.png]
[www.thespoiledmama.com/products/_https_/cdn.shopify.com/s/files/1/1116/9832/files/seabuckthorn-400x320_large05a5.png]
[www.thespoiledmama.com/products/_https_/cdn.shopify.com/s/files/1/1116/9832/files/rosehip-400x320_3f47e42d-efaa-414f-ae2b-5e21550c6c77_large0422.png]
[cdn1.stamped.io/files/widget.min.css]
[cdn.stamped.io/uploads/videos/fa95e2e70341fabf561da245a7bafcf9.jpg]
[cdn.stamped.io/uploads/photos/thumb/5583_5618703489_1bc11d93_8b22_40f1_9b77_1d9894d88f6a.jpg]
[cdn.stamped.io/uploads/photos/5583_5618703489_1bc11d93_8b22_40f1_9b77_1d9894d88f6a.jpg]
[cdn.stamped.io/uploads/photos/thumb/5583_5618703489_bc855a67_e308_463f_be39_dd93c677f113.jpg]
[cdn.stamped.io/uploads/photos/5583_5618703489_bc855a67_e308_463f_be39_dd93c677f113.jpg]
[ajax.googleapis.com/ajax/libs/jquery/1/jquery.min.js]
[cdn.shopify.com/s/assets/themes_support/api.jquery-e94e010e92e659b566dbc436fdfe5242764380e00398907a14955ba301a4749f.js]
[cdn.shopify.com/s/files/1/1116/9832/t/47/assets/jquery.tmpl.min5cda.js]
[cdn.shopify.com/s/files/1/1116/9832/t/47/assets/jquery.products.minb6be.js]
[cdn.shopify.com/s/files/1/1116/9832/files/logo_footer6ef1.png]
[verify.authorize.net/anetseal/seal.js]
[cdn.shopify.com/s/files/1/1116/9832/t/47/assets/mcafee_logo17f4.png]
[cdn.shopify.com/s/files/1/1116/9832/files/amazonc53a.png]
[cdn.shopify.com/s/files/1/1116/9832/t/47/assets/timber64af.js]
[cdn.shopify.com/s/files/1/1116/9832/t/47/assets/ajax-carte52a.js]
[d5zu2f4xvqanl.cloudfront.net/4/fe/loader_2a1cd.js]
[www.thespoiledmama.com/apps/sap/fe/loader_2a1cd.js]
[static.afterpay.com/shopify-afterpay-javascript.js]
[www.thespoiledmama.com/products/tummy-butter-for-pregnancy-stretch-marks.html]
[cdn-stamped-io.azureedge.net/files/widget.min.js]
[cdn.shopify.com/s/files/1/1116/9832/t/47/assets/iconse34e.woff]
[cdn.shopify.com/s/files/1/1116/9832/t/47/assets/iconsfbb7.eot]
[cdn.shopify.com/s/files/1/1116/9832/t/47/assets/icons0596.ttf]
[cdn.shopify.com/s/files/1/1116/9832/t/47/assets/icons8430.svg]
[cdn.shopify.com/s/files/1/1116/9832/t/47/assets/ico-selectc881.svg]
[cdn.shopify.com/s/files/1/1116/9832/t/47/assets/custom-iconsb5d4.eot]
[cdn.shopify.com/s/files/1/1116/9832/t/47/assets/custom-iconsf5ee.eot]
[cdn.shopify.com/s/files/1/1116/9832/t/47/assets/custom-icons982f.woff]
[cdn.shopify.com/s/files/1/1116/9832/t/47/assets/custom-icons4f5f.ttf]
[cdn.shopify.com/s/files/1/1116/9832/t/47/assets/custom-icons9485.svg#custom-icons]
[cdn.shopify.com/s/files/1/1116/9832/t/47/assets/no-entry55cf.png]
[cdn.shopify.com/s/files/1/1116/9832/t/47/assets/timber.scss7847.css]
[cdn.shopify.com/s/files/1/1116/9832/t/47/assets/fa-brands-400.woff2]
[cdn.shopify.com/s/files/1/1116/9832/t/47/assets/fa-brands-400.eot]
[cdn.shopify.com/s/files/1/1116/9832/t/47/assets/fa-brands-400.woff]
[cdn.shopify.com/s/files/1/1116/9832/t/47/assets/fa-brands-400d41d.eot]
[cdn.shopify.com/s/files/1/1116/9832/t/47/assets/fa-brands-400.ttf]
[cdn.shopify.com/s/files/1/1116/9832/t/47/assets/fa-brands-400.svg]
[cdn.shopify.com/s/files/1/1116/9832/t/47/assets/fa-light-300.woff2]
[cdn.shopify.com/s/files/1/1116/9832/t/47/assets/fa-light-300.eot]
[cdn.shopify.com/s/files/1/1116/9832/t/47/assets/fa-light-300.woff]
[cdn.shopify.com/s/files/1/1116/9832/t/47/assets/fa-light-300d41d.eot]
[cdn.shopify.com/s/files/1/1116/9832/t/47/assets/fa-light-300.ttf]
[cdn.shopify.com/s/files/1/1116/9832/t/47/assets/fa-light-300.svg]
[cdn.shopify.com/s/files/1/1116/9832/t/47/assets/fa-regular-400.eot]
[cdn.shopify.com/s/files/1/1116/9832/t/47/assets/fa-regular-400d41d.eot]
[cdn.shopify.com/s/files/1/1116/9832/t/47/assets/fa-regular-400.woff2]
[cdn.shopify.com/s/files/1/1116/9832/t/47/assets/fa-regular-400.woff]
[cdn.shopify.com/s/files/1/1116/9832/t/47/assets/fa-regular-400.ttf]
[cdn.shopify.com/s/files/1/1116/9832/t/47/assets/fa-regular-400.svg]
[cdn.shopify.com/s/files/1/1116/9832/t/47/assets/fa-solid-900.woff2]
[cdn.shopify.com/s/files/1/1116/9832/t/47/assets/fa-solid-900.eot]
[cdn.shopify.com/s/files/1/1116/9832/t/47/assets/fa-solid-900.woff]
[cdn.shopify.com/s/files/1/1116/9832/t/47/assets/fa-solid-900d41d.eot]
[cdn.shopify.com/s/files/1/1116/9832/t/47/assets/fa-solid-900.ttf]
[cdn.shopify.com/s/files/1/1116/9832/t/47/assets/fa-solid-900.svg]
[cdn.shopify.com/s/files/1/1116/9832/t/47/assets/fontawesome81c3.css]
[cdn.shopify.com/s/files/1/1116/9832/t/47/assets/CrystalSkyAlt.eot]
[cdn.shopify.com/s/files/1/1116/9832/t/47/assets/CrystalSkyAltd41d.eot]
[cdn.shopify.com/s/files/1/1116/9832/t/47/assets/CrystalSkyAlt.woff2]
[cdn.shopify.com/s/files/1/1116/9832/t/47/assets/CrystalSkyAlt.woff]
[cdn.shopify.com/s/files/1/1116/9832/t/47/assets/CrystalSkyAlt.ttf]
[cdn.shopify.com/s/files/1/1116/9832/t/47/assets/CrystalSkyAlt.svg]
[cdn.shopify.com/s/files/1/1116/9832/t/47/assets/Rams-Light.eot]
[cdn.shopify.com/s/files/1/1116/9832/t/47/assets/Rams-Light.woff2]
[cdn.shopify.com/s/files/1/1116/9832/t/47/assets/Rams-Lightd41d.eot]
[cdn.shopify.com/s/files/1/1116/9832/t/47/assets/Rams-Light.woff]
[cdn.shopify.com/s/files/1/1116/9832/t/47/assets/Rams-Light.ttf]
[cdn.shopify.com/s/files/1/1116/9832/t/47/assets/Rams-Light.svg]
[cdn.shopify.com/s/files/1/1116/9832/t/47/assets/Rams-Bold.eot]
[cdn.shopify.com/s/files/1/1116/9832/t/47/assets/Rams-Bold.woff2]
[cdn.shopify.com/s/files/1/1116/9832/t/47/assets/Rams-Boldd41d.eot]
[cdn.shopify.com/s/files/1/1116/9832/t/47/assets/Rams-Bold.woff]
[cdn.shopify.com/s/files/1/1116/9832/t/47/assets/Rams-Bold.ttf]
[cdn.shopify.com/s/files/1/1116/9832/t/47/assets/Rams-Bold.svg]
[cdn.shopify.com/s/files/1/1116/9832/t/47/assets/main-banner.jpg]
[cdn.shopify.com/s/files/1/1116/9832/files/login-banner0d3d.jpg]
[cdn.shopify.com/s/files/1/1116/9832/t/47/assets/hart-1.png]
[cdn.shopify.com/s/files/1/1116/9832/t/47/assets/hart-2.png]
[cdn.shopify.com/s/files/1/1116/9832/t/47/assets/hart-3.png]
[cdn.shopify.com/s/files/1/1116/9832/t/47/assets/favicon-icon.png]
[cdn.shopify.com/s/files/1/1116/9832/t/47/assets/dynamic43ed.css]
[connect.facebook.net/en_US/sdk.js]
[www.thespoiledmama.com/products/bump-gloss-pregnancy-stretch-mark-oil.oembed]
[www.thespoiledmama.com/products/pregnancy-skincare-samples.a4.delayed]
[cdn.shopify.com/s/files/1/1116/9832/products/BUMP-GLOSS-STRETCH-MARK-OIL_CR-2528-Shot-21-compressor_86e56f5c-a863-4bd2-bcca-77e6537607d9_grande89fc.jpg]
[cdn.shopify.com/s/files/1/1116/9832/products/badge-545x545px-logo1_a41a2271-bb31-4bd3-b07a-37cea4b34f5e_grandecbfe.png]
[cdn.shopify.com/s/files/1/1116/9832/products/bump-gloss-stretch-mark-oil-for-pregnancy-stretch-marksstretch-mark-oilthe-spoiled-mama-incthe-spoiled-mama-10699306_fa809a12-6767-4c]
[cdn.shopify.com/s/files/1/1116/9832/products/Screen_Shot_2019-04-01_at_4.08.33_PM_ae9d86ac-8e3d-446b-89c5-ed024d0bbf74_grandecbfe.png]
[cdn.shopify.com/s/files/1/1116/9832/products/BUMP-GLOSS-STRETCH-MARK-OIL_CR-2528-Shot-21-compressor_86e56f5c-a863-4bd2-bcca-77e6537607d9_large89fc.jpg]
[cdn.shopify.com/s/files/1/1116/9832/products/BUMP-GLOSS-STRETCH-MARK-OIL_CR-2528-Shot-21-compressor_86e56f5c-a863-4bd2-bcca-77e6537607d9_compact89fc.jpg]
[cdn.shopify.com/s/files/1/1116/9832/products/badge-545x545px-logo1_a41a2271-bb31-4bd3-b07a-37cea4b34f5e_largecbfe.png]
[cdn.shopify.com/s/files/1/1116/9832/products/badge-545x545px-logo1_a41a2271-bb31-4bd3-b07a-37cea4b34f5e_compactcbfe.png]
[cdn.shopify.com/s/files/1/1116/9832/products/bump-gloss-stretch-mark-oil-for-pregnancy-stretch-marksstretch-mark-oilthe-spoiled-mama-incthe-spoiled-mama-10699306_fa809a12-6767-4c-2]
[cdn.shopify.com/s/files/1/1116/9832/products/Screen_Shot_2019-04-01_at_4.08.33_PM_ae9d86ac-8e3d-446b-89c5-ed024d0bbf74_largecbfe.png]
[cdn.shopify.com/s/files/1/1116/9832/products/bump-gloss-stretch-mark-oil-for-pregnancy-stretch-marksstretch-mark-oilthe-spoiled-mama-incthe-spoiled-mama-10699306_fa809a12-6767-4c-3]
[cdn.shopify.com/s/files/1/1116/9832/products/Screen_Shot_2019-04-01_at_4.08.33_PM_ae9d86ac-8e3d-446b-89c5-ed024d0bbf74_compactcbfe.png]
[cdn.shopify.com/s/files/1/1116/9832/files/tamanu-400x320_38956905-57da-4b77-a9aa-59f5737a7730_larged0f9.png]
[cdn.shopify.com/s/files/1/1116/9832/files/borage-400x320_large6119.png]
[www.thespoiledmama.com/products/tummy-butter-for-pregnancy-stretch-marks__Tummy.b4.delayed]
[www.thespoiledmama.com/products/_https_/www.thespoiledmama.com/products/indulge-stretch-mark-scrub_]
[www.thespoiledmama.com/products/_/cdn.shopify.com/s/files/1/1116/9832/files/tamanu-400x320_38956905-57da-4b77-a9aa-59f5737a7730_large5069.png]
[www.thespoiledmama.com/products/_/cdn.shopify.com/s/files/1/1116/9832/files/rosehip-400x320_3f47e42d-efaa-414f-ae2b-5e21550c6c77_large0422.png]
[www.thespoiledmama.com/products/_/cdn.shopify.com/s/files/1/1116/9832/files/borage-400x320_large50fc.png]
[www.thespoiledmama.com/products/bump-gloss-pregnancy-stretch-mark-oil.html]
[www.thespoiledmama.com/products/remodel-for-pregnancy-postpartum-stretch-marks.oembed]
[cdn.shopify.com/s/files/1/1116/9832/products/REMODEL-STRETCH-MARK-TREATMENT-SERUM_CR-2528-Shot-25-compressor_aab0a9c3-c1a5-4b1a-96ec-82d1df8c6d6c_grande37f1.jpg]
[cdn.shopify.com/s/files/1/1116/9832/products/badge-545x545px-logo1_ae25e63d-d5bf-47ec-b6da-52dfbc3e4694_grande22cd.png]
[cdn.shopify.com/s/files/1/1116/9832/products/remodel-for-pregnancy-postpartum-stretch-marksserumthe-spoiled-mama-incthe-spoiled-mama-10699338_8f3ff300-2ff2-4c82-99d7-a198d6d8371d]
[cdn.shopify.com/s/files/1/1116/9832/products/Screen_Shot_2019-04-01_at_5.24.26_PM_63372762-2e14-45a3-9aeb-fc27ef60778b_grandeb16d.png]
[cdn.shopify.com/s/files/1/1116/9832/products/REMODEL_STRETCH-MARK-SERUM-CLOSED_TOP_CR-2528-Shot-17-compressor_ad00f27e-d0e7-4c4d-876b-4857ae859160_grandee401.jpg]
[cdn.shopify.com/s/files/1/1116/9832/products/REMODEL-STRETCH-MARK-TREATMENT-SERUM_CR-2528-Shot-25-compressor_aab0a9c3-c1a5-4b1a-96ec-82d1df8c6d6c_large37f1.jpg]
[cdn.shopify.com/s/files/1/1116/9832/products/REMODEL-STRETCH-MARK-TREATMENT-SERUM_CR-2528-Shot-25-compressor_aab0a9c3-c1a5-4b1a-96ec-82d1df8c6d6c_compact37f1.jpg]
[cdn.shopify.com/s/files/1/1116/9832/products/badge-545x545px-logo1_ae25e63d-d5bf-47ec-b6da-52dfbc3e4694_large22cd.png]
[cdn.shopify.com/s/files/1/1116/9832/products/remodel-for-pregnancy-postpartum-stretch-marksserumthe-spoiled-mama-incthe-spoiled-mama-10699338_8f3ff300-2ff2-4c82-99d7-a198d6d8371d-2]
[cdn.shopify.com/s/files/1/1116/9832/products/remodel-for-pregnancy-postpartum-stretch-marksserumthe-spoiled-mama-incthe-spoiled-mama-10699338_8f3ff300-2ff2-4c82-99d7-a198d6d8371d-3]
[cdn.shopify.com/s/files/1/1116/9832/products/badge-545x545px-logo1_ae25e63d-d5bf-47ec-b6da-52dfbc3e4694_compact22cd.png]
[cdn.shopify.com/s/files/1/1116/9832/products/Screen_Shot_2019-04-01_at_5.24.26_PM_63372762-2e14-45a3-9aeb-fc27ef60778b_largeb16d.png]
[cdn.shopify.com/s/files/1/1116/9832/products/Screen_Shot_2019-04-01_at_5.24.26_PM_63372762-2e14-45a3-9aeb-fc27ef60778b_compactb16d.png]
[cdn.shopify.com/s/files/1/1116/9832/products/REMODEL_STRETCH-MARK-SERUM-CLOSED_TOP_CR-2528-Shot-17-compressor_ad00f27e-d0e7-4c4d-876b-4857ae859160_largee401.jpg]
[cdn.shopify.com/s/files/1/1116/9832/products/REMODEL_STRETCH-MARK-SERUM-CLOSED_TOP_CR-2528-Shot-17-compressor_ad00f27e-d0e7-4c4d-876b-4857ae859160_compacte401.jpg]
[cdn.shopify.com/s/files/1/1116/9832/files/witchhazel-400x320_large3938.png]
[cdn.shopify.com/s/files/1/1116/9832/files/jojobaoil-400x320_large3ed1.png]
[cdn.shopify.com/s/files/1/1116/9832/files/greentea-400x320_largef34f.png]
[cdn.shopify.com/s/files/1/1116/9832/files/aloevera-400x320_1ba557c4-dbd7-4d6e-be35-8e4ca64e7762_large4924.png]
[www.thespoiledmama.com/products/_https_/www.thespoiledmama.com/collections/skin-serum_.cf.delayed]
[www.thespoiledmama.com/products/tummy-butter-for-pregnancy-stretch-marks_]
[www.thespoiledmama.com/products/_/cdn.shopify.com/s/files/1/1116/9832/files/witchhazel-400x320_large2814.png]
[www.thespoiledmama.com/products/_/cdn.shopify.com/s/files/1/1116/9832/files/jojobaoil-400x320_large8a1c.png]
[www.thespoiledmama.com/products/_/cdn.shopify.com/s/files/1/1116/9832/files/greentea-400x320_largec4d0.png]
[www.thespoiledmama.com/products/_/cdn.shopify.com/s/files/1/1116/9832/files/aloevera-400x320_1ba557c4-dbd7-4d6e-be35-8e4ca64e7762_large0422.png]
[www.thespoiledmama.com/products/remodel-for-pregnancy-postpartum-stretch-marks.html]
[www.thespoiledmama.com/products/rehab-serum-skincare-for-pregnancy-acne.oembed]
[cdn.shopify.com/s/files/1/1116/9832/products/REHAB-HORMONAL-ACNE-TREATMENT-TOP-OFF-_CR-2528-Shot-24-compressor_6a0156b2-7fd1-453d-874f-d7b290d4b651_grandec6ea.jpg]
[cdn.shopify.com/s/files/1/1116/9832/products/rehab_acne_serum_closed_top_CR-2528-Shot-19-compressor_f17b1b67-0499-474a-a437-a2b2565d065d_grandeda97.jpg]
[cdn.shopify.com/s/files/1/1116/9832/products/badge-545x545px-logo1_34a7c499-d2a1-4a0e-a81a-26871cbc328b_grandeb5a2.png]
[cdn.shopify.com/s/files/1/1116/9832/products/rehab-serum-pregnancy-acne-blemish-creamserumthe-spoiled-mama-incthe-spoiled-mama-10699336_109e7196-9fa3-4461-a88d-566b3b992b75_grand]
[cdn.shopify.com/s/files/1/1116/9832/products/Screen_Shot_2019-04-01_at_3.59.26_PM_3553041f-a7b9-42cd-b185-310efc2e71e5_grande5b86.png]
[cdn.shopify.com/s/files/1/1116/9832/products/REHAB-HORMONAL-ACNE-TREATMENT-TOP-OFF-_CR-2528-Shot-24-compressor_6a0156b2-7fd1-453d-874f-d7b290d4b651_largec6ea.jpg]
[cdn.shopify.com/s/files/1/1116/9832/products/REHAB-HORMONAL-ACNE-TREATMENT-TOP-OFF-_CR-2528-Shot-24-compressor_6a0156b2-7fd1-453d-874f-d7b290d4b651_compactc6ea.jpg]
[cdn.shopify.com/s/files/1/1116/9832/products/rehab_acne_serum_closed_top_CR-2528-Shot-19-compressor_f17b1b67-0499-474a-a437-a2b2565d065d_largeda97.jpg]
[cdn.shopify.com/s/files/1/1116/9832/products/rehab_acne_serum_closed_top_CR-2528-Shot-19-compressor_f17b1b67-0499-474a-a437-a2b2565d065d_compactda97.jpg]
[cdn.shopify.com/s/files/1/1116/9832/products/badge-545x545px-logo1_34a7c499-d2a1-4a0e-a81a-26871cbc328b_largeb5a2.png]
[cdn.shopify.com/s/files/1/1116/9832/products/rehab-serum-pregnancy-acne-blemish-creamserumthe-spoiled-mama-incthe-spoiled-mama-10699336_109e7196-9fa3-4461-a88d-566b3b992b75_large]
[cdn.shopify.com/s/files/1/1116/9832/products/rehab-serum-pregnancy-acne-blemish-creamserumthe-spoiled-mama-incthe-spoiled-mama-10699336_109e7196-9fa3-4461-a88d-566b3b992b75_compa]
[cdn.shopify.com/s/files/1/1116/9832/products/badge-545x545px-logo1_34a7c499-d2a1-4a0e-a81a-26871cbc328b_compactb5a2.png]
[cdn.shopify.com/s/files/1/1116/9832/products/Screen_Shot_2019-04-01_at_3.59.26_PM_3553041f-a7b9-42cd-b185-310efc2e71e5_large5b86.png]
[cdn.shopify.com/s/files/1/1116/9832/products/Screen_Shot_2019-04-01_at_3.59.26_PM_3553041f-a7b9-42cd-b185-310efc2e71e5_compact5b86.png]
[www.thespoiledmama.com/products/_https_/www.thespoiledmama.com/collections/pregnancy-acne_.e7.delayed]
[www.thespoiledmama.com/products/_https_/www.thespoiledmama.com/products/balanc-acne-toner_.e8.delayed]
[www.thespoiledmama.com/products/rehab-serum-skincare-for-pregnancy-acne.html]
[www.thespoiledmama.com/products/happy-legs-swollen-feet-pregnancy-relief.oembed]
[cdn.shopify.com/s/files/1/1116/9832/products/HAPPY-LEGS-ALOE-LEG-GEL_CR-2528-compressor_d7394edf-91af-4f25-bef9-8d0361f1493a_grande8d51.jpg]
[cdn.shopify.com/s/files/1/1116/9832/products/badge-545x545px-logo1_a8f14532-6d9b-424c-a23e-cdb50c2bb2ab_grandeed33.png]
[cdn.shopify.com/s/files/1/1116/9832/products/happy-legs-relief-for-swollen-ankles-feetpostpartumthe-spoiled-mama-incthe-spoiled-mama-10699317_33ed5e94-7dbd-4052-aae9-a93d9be1fd0d]
[cdn.shopify.com/s/files/1/1116/9832/products/Screen_Shot_2019-04-01_at_4.04.48_PM_49fbf225-9498-4791-9792-d646f425aa48_grandeda17.png]
[cdn.shopify.com/s/files/1/1116/9832/products/HAPPY-LEGS-ALOE-LEG-GEL_CR-2528-compressor_d7394edf-91af-4f25-bef9-8d0361f1493a_large8d51.jpg]
[cdn.shopify.com/s/files/1/1116/9832/products/HAPPY-LEGS-ALOE-LEG-GEL_CR-2528-compressor_d7394edf-91af-4f25-bef9-8d0361f1493a_compact8d51.jpg]
[cdn.shopify.com/s/files/1/1116/9832/products/badge-545x545px-logo1_a8f14532-6d9b-424c-a23e-cdb50c2bb2ab_largeed33.png]
[cdn.shopify.com/s/files/1/1116/9832/products/happy-legs-relief-for-swollen-ankles-feetpostpartumthe-spoiled-mama-incthe-spoiled-mama-10699317_33ed5e94-7dbd-4052-aae9-a93d9be1fd0d-2]
[cdn.shopify.com/s/files/1/1116/9832/products/happy-legs-relief-for-swollen-ankles-feetpostpartumthe-spoiled-mama-incthe-spoiled-mama-10699317_33ed5e94-7dbd-4052-aae9-a93d9be1fd0d-3]
[cdn.shopify.com/s/files/1/1116/9832/products/badge-545x545px-logo1_a8f14532-6d9b-424c-a23e-cdb50c2bb2ab_compacted33.png]
[cdn.shopify.com/s/files/1/1116/9832/products/Screen_Shot_2019-04-01_at_4.04.48_PM_49fbf225-9498-4791-9792-d646f425aa48_largeda17.png]
[cdn.shopify.com/s/files/1/1116/9832/products/Screen_Shot_2019-04-01_at_4.04.48_PM_49fbf225-9498-4791-9792-d646f425aa48_compactda17.png]
[cdn.shopify.com/s/files/1/1116/9832/files/cucumber-400x320_largeb554.png]
[cdn.shopify.com/s/files/1/1116/9832/files/spirulina-400x320_large51b2.png]
[www.thespoiledmama.com/products/_https_/www.thespoiledmama.com/collections/swollen-feet-and-ankles_.fa.delayed]
[www.thespoiledmama.com/products/_https_/www.thespoiledmama.com/collections/post-pregnancy-care_]
[www.thespoiledmama.com/products/_/cdn.shopify.com/s/files/1/1116/9832/files/cucumber-400x320_largecff2.png]
[www.thespoiledmama.com/products/_/cdn.shopify.com/s/files/1/1116/9832/files/spirulina-400x320_large16c3.png]
[www.thespoiledmama.com/products/happy-legs-swollen-feet-pregnancy-relief.html]
[www.thespoiledmama.com/products/indulge-stretch-mark-scrub.oembed]
[cdn.shopify.com/s/files/1/1116/9832/products/INDULGE-SUGAR-SCRUB-FOR-STRETCH-MARKS-_CR-2528-Shot-20-compressor_7ed1882d-561d-4f43-bb46-74434ed3d791_grande78e6.jpg]
[cdn.shopify.com/s/files/1/1116/9832/products/badge-545x545px-logo1_fb97bb63-b0b3-4bcf-b7ee-2673a8262f9c_grandecdcc.png]
[cdn.shopify.com/s/files/1/1116/9832/products/Screen_Shot_2019-04-01_at_4.09.02_PM_da05f32a-86e7-4cac-90c7-5413cf02aa27_grande1597.png]
[cdn.shopify.com/s/files/1/1116/9832/products/indulge-peppermint-sugar-scrub-for-stretch-mark-preventionsugar-scrubthe-spoiled-mama-incthe-spoiled-mama-10699323_989a8fe8-277b-414b]
[cdn.shopify.com/s/files/1/1116/9832/products/INDULGE-SUGAR-SCRUB-FOR-STRETCH-MARKS-_CR-2528-Shot-20-compressor_7ed1882d-561d-4f43-bb46-74434ed3d791_large78e6.jpg]
[cdn.shopify.com/s/files/1/1116/9832/products/INDULGE-SUGAR-SCRUB-FOR-STRETCH-MARKS-_CR-2528-Shot-20-compressor_7ed1882d-561d-4f43-bb46-74434ed3d791_compact78e6.jpg]
[cdn.shopify.com/s/files/1/1116/9832/products/badge-545x545px-logo1_fb97bb63-b0b3-4bcf-b7ee-2673a8262f9c_largecdcc.png]
[cdn.shopify.com/s/files/1/1116/9832/products/indulge-peppermint-sugar-scrub-for-stretch-mark-preventionsugar-scrubthe-spoiled-mama-incthe-spoiled-mama-10699323_989a8fe8-277b-414b-2]
[cdn.shopify.com/s/files/1/1116/9832/products/badge-545x545px-logo1_fb97bb63-b0b3-4bcf-b7ee-2673a8262f9c_compactcdcc.png]
[cdn.shopify.com/s/files/1/1116/9832/products/indulge-peppermint-sugar-scrub-for-stretch-mark-preventionsugar-scrubthe-spoiled-mama-incthe-spoiled-mama-10699323_989a8fe8-277b-414b-3]
[cdn.shopify.com/s/files/1/1116/9832/products/Screen_Shot_2019-04-01_at_4.09.02_PM_da05f32a-86e7-4cac-90c7-5413cf02aa27_large1597.png]
[cdn.shopify.com/s/files/1/1116/9832/products/Screen_Shot_2019-04-01_at_4.09.02_PM_da05f32a-86e7-4cac-90c7-5413cf02aa27_compact1597.png]
[www.thespoiledmama.com/products/exfoliating-body-gloves.html]
[cdn.shopify.com/s/files/1/1116/9832/files/sugar-400x320_largefa64.png]
[cdn.shopify.com/s/files/1/1116/9832/files/sheabutter-400x320_large4c2c.png]
[cdn.shopify.com/s/files/1/1116/9832/files/apricot-400x320_largebb26.png]
[cdn.shopify.com/s/files/1/1116/9832/files/pumpkinseed-400x320_large2c65.png]
[www.thespoiledmama.com/products/_https_/www.thespoiledmama.com/collections/pregnancy-gift-baskets/products/pregnancy-stretch-mark-prevention-trio_.112.delayed]
[www.thespoiledmama.com/products/_/collections/sugar-scrub_]
[www.thespoiledmama.com/products/_/products/tummy-butter-for-pregnancy-stretch-marks_]
[www.thespoiledmama.com/products/_/products/bump-gloss-pregnancy-stretch-mark-oil_]
[www.thespoiledmama.com/products/_/products/exfoliating-body-gloves__spa]
[www.thespoiledmama.com/products/_/collections/stretch-marks_]
[www.thespoiledmama.com/products/_/cdn.shopify.com/s/files/1/1116/9832/files/sugar-400x320_largef5c9.png]
[www.thespoiledmama.com/products/_/cdn.shopify.com/s/files/1/1116/9832/files/sheabutter-400x320_large2efa.png]
[www.thespoiledmama.com/products/_/cdn.shopify.com/s/files/1/1116/9832/files/apricot-400x320_large4587.png]
[www.thespoiledmama.com/products/_/cdn.shopify.com/s/files/1/1116/9832/files/pumpkinseed-400x320_large7656.png]
[cdn.stamped.io/uploads/photos/thumb/5583_5995659585_b9f51f7a_0cf4_4c93_88da_7b5f916587d8.jpg]
[cdn.stamped.io/uploads/photos/5583_5995659585_b9f51f7a_0cf4_4c93_88da_7b5f916587d8.jpg]
[s3.us-west-2.amazonaws.com/stamped.io/uploads/customers/bWFydGluZXptZWxpc2E3MTJAZ21haWwuY29t.jpg]
[www.thespoiledmama.com/products/indulge-stretch-mark-scrub.html]
[www.thespoiledmama.com/products/luxe-mama-body-wash-for-pregnancy.oembed]
[cdn.shopify.com/s/files/1/1116/9832/products/LUXE-MAMA-BODY-WASH-FOR-PREGNANCY_CR-2528-Shot-16-compressor_31f1380e-f601-4078-88ba-def1609ae1d8_grandee9f4.jpg]
[cdn.shopify.com/s/files/1/1116/9832/products/badge-545x545px-logo1_cb260821-6549-47ad-8d3a-28175f9d9f7b_granded7f3.png]
[cdn.shopify.com/s/files/1/1116/9832/products/luxe-mama-calming-and-hydrating-pregnancy-safe-body-washbody-washthe-spoiled-mama-incthe-spoiled-mama-10699327_9e1a2ea2-9b5b-4751-a33]
[cdn.shopify.com/s/files/1/1116/9832/products/Screen_Shot_2019-04-01_at_4.09.37_PM_972cdcba-8885-4ae9-972e-1548cab7aafd_grandede5f.png]
[cdn.shopify.com/s/files/1/1116/9832/products/LUXE-MAMA-BODY-WASH-FOR-PREGNANCY_CR-2528-Shot-16-compressor_31f1380e-f601-4078-88ba-def1609ae1d8_largee9f4.jpg]
[cdn.shopify.com/s/files/1/1116/9832/products/LUXE-MAMA-BODY-WASH-FOR-PREGNANCY_CR-2528-Shot-16-compressor_31f1380e-f601-4078-88ba-def1609ae1d8_compacte9f4.jpg]
[cdn.shopify.com/s/files/1/1116/9832/products/badge-545x545px-logo1_cb260821-6549-47ad-8d3a-28175f9d9f7b_larged7f3.png]
[cdn.shopify.com/s/files/1/1116/9832/products/luxe-mama-calming-and-hydrating-pregnancy-safe-body-washbody-washthe-spoiled-mama-incthe-spoiled-mama-10699327_9e1a2ea2-9b5b-4751-a33-2]
[cdn.shopify.com/s/files/1/1116/9832/products/badge-545x545px-logo1_cb260821-6549-47ad-8d3a-28175f9d9f7b_compactd7f3.png]
[cdn.shopify.com/s/files/1/1116/9832/products/luxe-mama-calming-and-hydrating-pregnancy-safe-body-washbody-washthe-spoiled-mama-incthe-spoiled-mama-10699327_9e1a2ea2-9b5b-4751-a33-3]
[cdn.shopify.com/s/files/1/1116/9832/products/Screen_Shot_2019-04-01_at_4.09.37_PM_972cdcba-8885-4ae9-972e-1548cab7aafd_largede5f.png]
[cdn.shopify.com/s/files/1/1116/9832/products/Screen_Shot_2019-04-01_at_4.09.37_PM_972cdcba-8885-4ae9-972e-1548cab7aafd_compactde5f.png]
[www.thespoiledmama.com/products/exfoliating-sea-sponge.130.delayed]
[www.thespoiledmama.com/products/_https_/www.thespoiledmama.com/collections/body-wash_.131.delayed]
[www.thespoiledmama.com/products/_/products/exfoliating-body-gloves__exfoliating]
[www.thespoiledmama.com/products/_/collections/post-pregnancy-care_]
[www.thespoiledmama.com/products/_/products/exfoliating-sea-sponge_]
[www.thespoiledmama.com/products/luxe-mama-body-wash-for-pregnancy.html]
[www.thespoiledmama.com/products/nipstick-cream-for-sore-nipples.oembed]
[cdn.shopify.com/s/files/1/1116/9832/products/NIPSTICK-NIPPLE-BUTTER_CR-2528-Shot-28-compressor_30374133-4cc0-4bc2-bb92-af6d6d3894d7_grande8b8d.jpg]
[cdn.shopify.com/s/files/1/1116/9832/products/NIPSTICK-NIPPLE-CREAM-OPEN-TOP_CR-2528-Shot-14-compressor_861351b5-e7bf-45c2-8f46-695dae761735_grande8b8d.jpg]
[cdn.shopify.com/s/files/1/1116/9832/products/badge-545x545px-logo1_2d42e0a9-c3f5-46ac-b0a0-dda652fc3c8f_grande532a.png]
[cdn.shopify.com/s/files/1/1116/9832/products/fix-that-sucker-nipstick-nipple-cream-for-sore-nipplesbreastfeedingthe-spoiled-mama-incthe-spoiled-mama-10699312_e00e36b8-9367-4a26-8]
[cdn.shopify.com/s/files/1/1116/9832/products/Screen_Shot_2019-04-01_at_4.26.07_PM_d9d23a5b-ef3a-480c-aafa-994a936404a8_grande532a.png]
[cdn.shopify.com/s/files/1/1116/9832/products/NIPSTICK-NIPPLE-BUTTER_CR-2528-Shot-28-compressor_30374133-4cc0-4bc2-bb92-af6d6d3894d7_large8b8d.jpg]
[cdn.shopify.com/s/files/1/1116/9832/products/NIPSTICK-NIPPLE-BUTTER_CR-2528-Shot-28-compressor_30374133-4cc0-4bc2-bb92-af6d6d3894d7_compact8b8d.jpg]
[cdn.shopify.com/s/files/1/1116/9832/products/NIPSTICK-NIPPLE-CREAM-OPEN-TOP_CR-2528-Shot-14-compressor_861351b5-e7bf-45c2-8f46-695dae761735_large8b8d.jpg]
[cdn.shopify.com/s/files/1/1116/9832/products/NIPSTICK-NIPPLE-CREAM-OPEN-TOP_CR-2528-Shot-14-compressor_861351b5-e7bf-45c2-8f46-695dae761735_compact8b8d.jpg]
[cdn.shopify.com/s/files/1/1116/9832/products/badge-545x545px-logo1_2d42e0a9-c3f5-46ac-b0a0-dda652fc3c8f_large532a.png]
[cdn.shopify.com/s/files/1/1116/9832/products/fix-that-sucker-nipstick-nipple-cream-for-sore-nipplesbreastfeedingthe-spoiled-mama-incthe-spoiled-mama-10699312_e00e36b8-9367-4a26-9]
[cdn.shopify.com/s/files/1/1116/9832/products/badge-545x545px-logo1_2d42e0a9-c3f5-46ac-b0a0-dda652fc3c8f_compact532a.png]
[cdn.shopify.com/s/files/1/1116/9832/products/fix-that-sucker-nipstick-nipple-cream-for-sore-nipplesbreastfeedingthe-spoiled-mama-incthe-spoiled-mama-10699312_e00e36b8-9367-4a26-10]
[cdn.shopify.com/s/files/1/1116/9832/products/Screen_Shot_2019-04-01_at_4.26.07_PM_d9d23a5b-ef3a-480c-aafa-994a936404a8_large532a.png]
[cdn.shopify.com/s/files/1/1116/9832/products/Screen_Shot_2019-04-01_at_4.26.07_PM_d9d23a5b-ef3a-480c-aafa-994a936404a8_compact532a.png]
[www.thespoiledmama.com/products/more-milk-please-breastfeeding-tea.147.delayed]
[cdn.shopify.com/s/files/1/1116/9832/files/calendula-400x320_841a2e2e-3b8c-40fa-9be6-8ac870afe8ab_large9a00.png]
[cdn.shopify.com/s/files/1/1116/9832/files/marshmallowroot_largef428.jpg]
[cdn.shopify.com/s/files/1/1116/9832/files/plantainleaf-400x320_largef428.png]
[www.thespoiledmama.com/products/collections/nipple-cream__sore]
[www.thespoiledmama.com/products/collections/breastfeeding-care__breastfeeding]
[www.thespoiledmama.com/products/products/more-milk-please-breastfeeding-tea__tea]
[www.thespoiledmama.com/products/_/cdn.shopify.com/s/files/1/1116/9832/files/calendula-400x320_841a2e2e-3b8c-40fa-9be6-8ac870afe8ab_large4115.png]
[www.thespoiledmama.com/products/_/cdn.shopify.com/s/files/1/1116/9832/files/marshmallowroot_largeda62.jpg]
[www.thespoiledmama.com/products/_/cdn.shopify.com/s/files/1/1116/9832/files/plantainleaf-400x320_largeda62.png]
[cdn.stamped.io/uploads/photos/thumb/5583_6029188161_87271235_f001_4853_bf19_1f4519f532b9.jpg]
[cdn.stamped.io/uploads/photos/5583_6029188161_87271235_f001_4853_bf19_1f4519f532b9.jpg]
[www.thespoiledmama.com/products/nipstick-cream-for-sore-nipples.html]
[www.thespoiledmama.com/products/tea-to-increase-breast-milk.oembed]
[cdn.shopify.com/s/files/1/1116/9832/products/LACTATION-TEA-BREASTFEEDING-HERBAL-TEA_CR-2528-Shot-11-compressor_818f817b-a054-4c7b-847a-9bd263986f6e_grandef682.jpg]
[cdn.shopify.com/s/files/1/1116/9832/products/mamas-more-milk-please-tea-to-increase-milk-supplybreastfeeding-teathe-spoiled-mama-incthe-spoiled-mama-10699329_eafd169c-f117-4480-9]
[cdn.shopify.com/s/files/1/1116/9832/products/badge-545x545px-logo1_d7e53b4e-d5c8-4b76-b352-07603ddaf810_grande3057.png]
[cdn.shopify.com/s/files/1/1116/9832/products/Screen_Shot_2019-04-01_at_4.16.57_PM_9c66c7e2-b2a9-4f15-a928-05d009edd5c3_grande5e75.png]
[cdn.shopify.com/s/files/1/1116/9832/products/LACTATION-TEA-BREASTFEEDING-HERBAL-TEA_CR-2528-Shot-11-compressor_818f817b-a054-4c7b-847a-9bd263986f6e_largef682.jpg]
[cdn.shopify.com/s/files/1/1116/9832/products/LACTATION-TEA-BREASTFEEDING-HERBAL-TEA_CR-2528-Shot-11-compressor_818f817b-a054-4c7b-847a-9bd263986f6e_compactf682.jpg]
[cdn.shopify.com/s/files/1/1116/9832/products/badge-545x545px-logo1_d7e53b4e-d5c8-4b76-b352-07603ddaf810_large3057.png]
[cdn.shopify.com/s/files/1/1116/9832/products/mamas-more-milk-please-tea-to-increase-milk-supplybreastfeeding-teathe-spoiled-mama-incthe-spoiled-mama-10699329_eafd169c-f117-4480-10]
[cdn.shopify.com/s/files/1/1116/9832/products/mamas-more-milk-please-tea-to-increase-milk-supplybreastfeeding-teathe-spoiled-mama-incthe-spoiled-mama-10699329_eafd169c-f117-4480-11]
[cdn.shopify.com/s/files/1/1116/9832/products/badge-545x545px-logo1_d7e53b4e-d5c8-4b76-b352-07603ddaf810_compact3057.png]
[cdn.shopify.com/s/files/1/1116/9832/products/Screen_Shot_2019-04-01_at_4.16.57_PM_9c66c7e2-b2a9-4f15-a928-05d009edd5c3_large5e75.png]
[cdn.shopify.com/s/files/1/1116/9832/products/Screen_Shot_2019-04-01_at_4.16.57_PM_9c66c7e2-b2a9-4f15-a928-05d009edd5c3_compact5e75.png]
[cdn.shopify.com/s/files/1/1116/9832/files/fenugreek-400x320_largeda19.png]
[cdn.shopify.com/s/files/1/1116/9832/files/fennel-400x320_large039e.png]
[www.thespoiledmama.com/products/tea-strainer-spoon.html]
[cdn.shopify.com/s/files/1/1116/9832/files/redraspberryleaf_largef66b.jpg]
[cdn.shopify.com/s/files/1/1116/9832/files/blessedthistle-400x320_large3614.png]
[www.thespoiledmama.com/products/_https_/www.thespoiledmama.com/collections/breastfeeding-tea__tea.169.delayed]
[www.thespoiledmama.com/products/_https_/the-spoiled-mama-inc.myshopify.com/collections/pregnancy-tea__pregnancy]
[www.thespoiledmama.com/products/tea-strainer-spoon__tea]
[www.thespoiledmama.com/products/_https_/www.thespoiledmama.com/collections/breastfeeding-care/products/nipstick-cream-for-sore-nipples_]
[www.thespoiledmama.com/products/_/cdn.shopify.com/s/files/1/1116/9832/files/fenugreek-400x320_large8675.png]
[www.thespoiledmama.com/products/_/cdn.shopify.com/s/files/1/1116/9832/files/fennel-400x320_largececa.png]
[www.thespoiledmama.com/products/_/cdn.shopify.com/s/files/1/1116/9832/files/redraspberryleaf_largea0ba.jpg]
[www.thespoiledmama.com/products/_/cdn.shopify.com/s/files/1/1116/9832/files/blessedthistle-400x320_large405a.png]
[www.thespoiledmama.com/products/tea-to-increase-breast-milk.html]
[www.thespoiledmama.com/products/balanc-acne-toner.oembed]
[cdn.shopify.com/s/files/1/1116/9832/products/balanc-toner_f6661241-7f79-4ac6-be15-e5a535afc9ea_grande1176.jpg]
[cdn.shopify.com/s/files/1/1116/9832/products/badge-545x545px-logo1_7d498ce1-fde5-42ae-a659-dd05a5c267a8_grande601d.png]
[cdn.shopify.com/s/files/1/1116/9832/products/Screen_Shot_2019-04-01_at_4.01.10_PM_f668a7dd-362d-48da-ba10-d396d4598228_grande601d.png]
[cdn.shopify.com/s/files/1/1116/9832/products/balanc-toner_f6661241-7f79-4ac6-be15-e5a535afc9ea_large1176.jpg]
[cdn.shopify.com/s/files/1/1116/9832/products/balanc-toner_f6661241-7f79-4ac6-be15-e5a535afc9ea_compact1176.jpg]
[cdn.shopify.com/s/files/1/1116/9832/products/badge-545x545px-logo1_7d498ce1-fde5-42ae-a659-dd05a5c267a8_large601d.png]
[cdn.shopify.com/s/files/1/1116/9832/products/badge-545x545px-logo1_7d498ce1-fde5-42ae-a659-dd05a5c267a8_compact601d.png]
[cdn.shopify.com/s/files/1/1116/9832/products/Screen_Shot_2019-04-01_at_4.01.10_PM_f668a7dd-362d-48da-ba10-d396d4598228_large601d.png]
[cdn.shopify.com/s/files/1/1116/9832/products/Screen_Shot_2019-04-01_at_4.01.10_PM_f668a7dd-362d-48da-ba10-d396d4598228_compact601d.png]
[www.thespoiledmama.com/products/rehab-serum-for-pregnancy-acne.17d.delayed]
[cdn.shopify.com/s/files/1/1116/9832/files/aloevera-400x320_1ba557c4-dbd7-4d6e-be35-8e4ca64e7762_large4614.png]
[cdn.shopify.com/s/files/1/1116/9832/files/witchhazel-400x320_largec9a6.png]
[cdn.shopify.com/s/files/1/1116/9832/files/geranium-400x320_large044e.png]
[www.thespoiledmama.com/products/collections/pregnancy-acne__pregnancy.181.delayed]
[www.thespoiledmama.com/products/products/rehab-serum-for-pregnancy-acne__pregnancy]
[www.thespoiledmama.com/products/collections/skin-serum__pregnancy]
[www.thespoiledmama.com/products/_/cdn.shopify.com/s/files/1/1116/9832/files/aloevera-400x320_1ba557c4-dbd7-4d6e-be35-8e4ca64e7762_largea5c2.png]
[www.thespoiledmama.com/products/_/cdn.shopify.com/s/files/1/1116/9832/files/witchhazel-400x320_largec999.png]
[www.thespoiledmama.com/products/_/cdn.shopify.com/s/files/1/1116/9832/files/geranium-400x320_large4325.png]
[www.thespoiledmama.com/products/balanc-acne-toner.html]
[www.thespoiledmama.com/products/lucid-brightening-treatment-for-melasma.oembed]
[cdn.shopify.com/s/files/1/1116/9832/products/LUCID-MELASME-TREATMENT-CREAM-TOP-OFF-_CR-2528-Shot-26-compressor_7fa462d9-f671-4231-8273-005c0f92c285_grande999b.jpg]
[cdn.shopify.com/s/files/1/1116/9832/products/LUCID_MELASMA-CREAM-TREATMENT_TOP-ON_CR-2528-Shot-27-compressor_63e91542-7458-4a3d-9303-4901bb3071c5_grande38d1.jpg]
[cdn.shopify.com/s/files/1/1116/9832/products/badge-545x545px-logo1_48fe8de2-c72a-49e2-a5cf-55a26df2b3eb_grande748d.png]
[cdn.shopify.com/s/files/1/1116/9832/products/lucid-brightening-melasma-mask-of-pregnancy-treatment-creamserumthe-spoiled-mama-incthe-spoiled-mama-10699325_b332033f-760c-4cbf-8237]
[cdn.shopify.com/s/files/1/1116/9832/products/Screen_Shot_2019-04-01_at_3.59.04_PM_a69aa4a4-519c-4e9b-a09f-5b8aa1785918_grande748d.png]
[cdn.shopify.com/s/files/1/1116/9832/products/LUCID-MELASME-TREATMENT-CREAM-TOP-OFF-_CR-2528-Shot-26-compressor_7fa462d9-f671-4231-8273-005c0f92c285_large999b.jpg]
[cdn.shopify.com/s/files/1/1116/9832/products/LUCID-MELASME-TREATMENT-CREAM-TOP-OFF-_CR-2528-Shot-26-compressor_7fa462d9-f671-4231-8273-005c0f92c285_compact999b.jpg]
[cdn.shopify.com/s/files/1/1116/9832/products/LUCID_MELASMA-CREAM-TREATMENT_TOP-ON_CR-2528-Shot-27-compressor_63e91542-7458-4a3d-9303-4901bb3071c5_large38d1.jpg]
[cdn.shopify.com/s/files/1/1116/9832/products/LUCID_MELASMA-CREAM-TREATMENT_TOP-ON_CR-2528-Shot-27-compressor_63e91542-7458-4a3d-9303-4901bb3071c5_compact38d1.jpg]
[cdn.shopify.com/s/files/1/1116/9832/products/badge-545x545px-logo1_48fe8de2-c72a-49e2-a5cf-55a26df2b3eb_large748d.png]
[cdn.shopify.com/s/files/1/1116/9832/products/lucid-brightening-melasma-mask-of-pregnancy-treatment-creamserumthe-spoiled-mama-incthe-spoiled-mama-10699325_b332033f-760c-4cbf-8238]
[cdn.shopify.com/s/files/1/1116/9832/products/lucid-brightening-melasma-mask-of-pregnancy-treatment-creamserumthe-spoiled-mama-incthe-spoiled-mama-10699325_b332033f-760c-4cbf-8239]
[cdn.shopify.com/s/files/1/1116/9832/products/badge-545x545px-logo1_48fe8de2-c72a-49e2-a5cf-55a26df2b3eb_compact748d.png]
[cdn.shopify.com/s/files/1/1116/9832/products/Screen_Shot_2019-04-01_at_3.59.04_PM_a69aa4a4-519c-4e9b-a09f-5b8aa1785918_large748d.png]
[cdn.shopify.com/s/files/1/1116/9832/products/Screen_Shot_2019-04-01_at_3.59.04_PM_a69aa4a4-519c-4e9b-a09f-5b8aa1785918_compact748d.png]
[cdn.shopify.com/s/files/1/1116/9832/files/reishi-400x320_large2848.png]
[cdn.shopify.com/s/files/1/1116/9832/files/willowbark-400x320_large97eb.png]
[cdn.shopify.com/s/files/1/1116/9832/files/licorice-400x320_large5c1e.png]
[www.thespoiledmama.com/products/_https_/the-spoiled-mama-inc.myshopify.com/collections/melasma-mask-of-pregnancy_.19c.delayed]
[www.thespoiledmama.com/products/_/collections/skin-serum_]
[www.thespoiledmama.com/products/_/cdn.shopify.com/s/files/1/1116/9832/files/reishi-400x320_large6269.png]
[www.thespoiledmama.com/products/_/cdn.shopify.com/s/files/1/1116/9832/files/willowbark-400x320_large6866.png]
[www.thespoiledmama.com/products/_/cdn.shopify.com/s/files/1/1116/9832/files/licorice-400x320_largea4a7.png]
[www.thespoiledmama.com/products/lucid-brightening-treatment-for-melasma.html]
[www.thespoiledmama.com/products/tummy-butter-for-postpartum-stretch-mark-treatment.oembed]
[cdn.shopify.com/s/files/1/1116/9832/products/TUMMY-BUTTER-4oz-STRETCH-MARK-CREAM_CR-2528-Shot-23-compressor_e92c1b73-beb8-4ce1-830f-b2e1947da7b9_grande5d5d.jpg]
[cdn.shopify.com/s/files/1/1116/9832/products/badge-545x545px-logo1_b662dda3-bd2e-4d81-b25a-abf7aff9d8dc_grande25bc.png]
[cdn.shopify.com/s/files/1/1116/9832/products/postpartum-tummy-butter-for-stretch-marksstretch-mark-lotionthe-spoiled-mama-incthe-spoiled-mama-10699333_4d8c87f2-3e3c-4c3c-af4a-aac]
[cdn.shopify.com/s/files/1/1116/9832/products/Screen_Shot_2019-04-01_at_4.00.13_PM_d4b3fc96-665e-41e4-8eaa-5c54cb1019bf_grandec7f2.png]
[cdn.shopify.com/s/files/1/1116/9832/products/TUMMY-BUTTER-4oz-STRETCH-MARK-CREAM_CR-2528-Shot-23-compressor_e92c1b73-beb8-4ce1-830f-b2e1947da7b9_large5d5d.jpg]
[cdn.shopify.com/s/files/1/1116/9832/products/TUMMY-BUTTER-4oz-STRETCH-MARK-CREAM_CR-2528-Shot-23-compressor_e92c1b73-beb8-4ce1-830f-b2e1947da7b9_compact5d5d.jpg]
[cdn.shopify.com/s/files/1/1116/9832/products/badge-545x545px-logo1_b662dda3-bd2e-4d81-b25a-abf7aff9d8dc_large25bc.png]
[cdn.shopify.com/s/files/1/1116/9832/products/postpartum-tummy-butter-for-stretch-marksstretch-mark-lotionthe-spoiled-mama-incthe-spoiled-mama-10699333_4d8c87f2-3e3c-4c3c-af4a-aac-2]
[cdn.shopify.com/s/files/1/1116/9832/products/postpartum-tummy-butter-for-stretch-marksstretch-mark-lotionthe-spoiled-mama-incthe-spoiled-mama-10699333_4d8c87f2-3e3c-4c3c-af4a-aac-3]
[cdn.shopify.com/s/files/1/1116/9832/products/badge-545x545px-logo1_b662dda3-bd2e-4d81-b25a-abf7aff9d8dc_compact25bc.png]
[cdn.shopify.com/s/files/1/1116/9832/products/Screen_Shot_2019-04-01_at_4.00.13_PM_d4b3fc96-665e-41e4-8eaa-5c54cb1019bf_largec7f2.png]
[cdn.shopify.com/s/files/1/1116/9832/products/Screen_Shot_2019-04-01_at_4.00.13_PM_d4b3fc96-665e-41e4-8eaa-5c54cb1019bf_compactc7f2.png]
[www.thespoiledmama.com/products/remodel-serum-for-stretch-marks.1b0.delayed]
[www.thespoiledmama.com/products/remodel-serum-pregnancy.1b1.delayed]
[www.thespoiledmama.com/products/remodel-serum-for-stretch-marks_]
[www.thespoiledmama.com/products/_/cdn.shopify.com/s/files/1/1116/9832/files/cocoabutter-400x320_d6422d27-50a9-4c90-91f8-4877e58faf70_largecf18.png]
[www.thespoiledmama.com/products/_/cdn.shopify.com/s/files/1/1116/9832/files/tamanu-400x320_38956905-57da-4b77-a9aa-59f5737a7730_large3abf.png]
[www.thespoiledmama.com/products/_/cdn.shopify.com/s/files/1/1116/9832/files/seabuckthorn-400x320_large05a5.png]
[cdn.stamped.io/uploads/photos/thumb/5583_5994357697_5ee0a6c1_6f70_48eb_a0b0_0a78dbaaab0e.jpg]
[cdn.stamped.io/uploads/photos/5583_5994357697_5ee0a6c1_6f70_48eb_a0b0_0a78dbaaab0e.jpg]
[cdn.stamped.io/uploads/photos/thumb/5583_5994357697_2b1000fb_ce3a_4f87_a5b3_21d2839782d9.jpg]
[cdn.stamped.io/uploads/photos/5583_5994357697_2b1000fb_ce3a_4f87_a5b3_21d2839782d9.jpg]
[www.thespoiledmama.com/products/tummy-butter-for-postpartum-stretch-mark-treatment.html]
[www.thespoiledmama.com/products/postpartum-herbal-sitz-bath.oembed]
[cdn.shopify.com/s/files/1/1116/9832/products/sitzingpretty-1200-_CR_2528-Shot_10_d1dfa267-dfac-4e4b-913f-13b926793ee7_grande9f25.jpg]
[cdn.shopify.com/s/files/1/1116/9832/products/badge-545x545px-logo1_bd037729-5d39-4410-a6dc-834f26b0dfa1_grandef44e.png]
[cdn.shopify.com/s/files/1/1116/9832/products/sitzing-pretty-postpartum-sitz-bathpostpartumthe-spoiled-mama-incthe-spoiled-mama-10699340_ae186133-6ed2-40ff-9ba6-8137f1359af4_grand]
[cdn.shopify.com/s/files/1/1116/9832/products/Screen_Shot_2019-04-01_at_5.38.10_PM_f7bf8568-d5bc-47ea-a60f-e2ce707681a4_grande4d44.png]
[cdn.shopify.com/s/files/1/1116/9832/products/sitzingpretty-1200-_CR_2528-Shot_10_d1dfa267-dfac-4e4b-913f-13b926793ee7_large9f25.jpg]
[cdn.shopify.com/s/files/1/1116/9832/products/sitzingpretty-1200-_CR_2528-Shot_10_d1dfa267-dfac-4e4b-913f-13b926793ee7_compact9f25.jpg]
[cdn.shopify.com/s/files/1/1116/9832/products/badge-545x545px-logo1_bd037729-5d39-4410-a6dc-834f26b0dfa1_largef44e.png]
[cdn.shopify.com/s/files/1/1116/9832/products/sitzing-pretty-postpartum-sitz-bathpostpartumthe-spoiled-mama-incthe-spoiled-mama-10699340_ae186133-6ed2-40ff-9ba6-8137f1359af4_large]
[cdn.shopify.com/s/files/1/1116/9832/products/sitzing-pretty-postpartum-sitz-bathpostpartumthe-spoiled-mama-incthe-spoiled-mama-10699340_ae186133-6ed2-40ff-9ba6-8137f1359af4_compa]
[cdn.shopify.com/s/files/1/1116/9832/products/badge-545x545px-logo1_bd037729-5d39-4410-a6dc-834f26b0dfa1_compactf44e.png]
[cdn.shopify.com/s/files/1/1116/9832/products/Screen_Shot_2019-04-01_at_5.38.10_PM_f7bf8568-d5bc-47ea-a60f-e2ce707681a4_large4d44.png]
[cdn.shopify.com/s/files/1/1116/9832/products/Screen_Shot_2019-04-01_at_5.38.10_PM_f7bf8568-d5bc-47ea-a60f-e2ce707681a4_compact4d44.png]
[cdn.shopify.com/s/files/1/1116/9832/files/chamomile-400x320_largedc17.png]
[cdn.shopify.com/s/files/1/1116/9832/files/plantainleaf-400x320_large14aa.png]
[cdn.shopify.com/s/files/1/1116/9832/files/marshmallow_largeb1f7.jpg]
[cdn.shopify.com/s/files/1/1116/9832/files/calendula-400x320_largeec1d.png]
[www.thespoiledmama.com/products/_https_/www.thespoiledmama.com/collections/post-pregnancy-care__.1d1.delayed]
[www.thespoiledmama.com/products/_/cdn.shopify.com/s/files/1/1116/9832/files/chamomile-400x320_large6a7a.png]
[www.thespoiledmama.com/products/_/cdn.shopify.com/s/files/1/1116/9832/files/plantainleaf-400x320_large2492.png]
[www.thespoiledmama.com/products/_/cdn.shopify.com/s/files/1/1116/9832/files/marshmallow_large6706.jpg]
[www.thespoiledmama.com/products/_/cdn.shopify.com/s/files/1/1116/9832/files/calendula-400x320_large.1d59be3.delayed]
[www.thespoiledmama.com/products/postpartum-herbal-sitz-bath.html]
[www.thespoiledmama.com/products/the-spoiled-mama-gift-certificate.oembed]
[cdn.shopify.com/s/files/1/1116/9832/products/Gift-Certificate_d72a30ab-1ef8-46d6-90d4-7cc60a5724da_grandeb12b.jpg]
[cdn.shopify.com/s/files/1/1116/9832/products/Gift-Certificate_d72a30ab-1ef8-46d6-90d4-7cc60a5724da_largeb12b.jpg]
[cdn.shopify.com/s/files/1/1116/9832/products/spoiled-mama-gift-certificategift-cardthe-spoiled-mama-incthe-spoiled-mama-10699341_4e702455-d471-4d90-8d3d-41f30722ed02_grande.1da02]
[cdn.shopify.com/s/files/1/1116/9832/products/Gift-Certificate_d72a30ab-1ef8-46d6-90d4-7cc60a5724da_compactb12b.jpg]
[www.thespoiledmama.com/products/pregnancy-stretch-mark-prevention-kit.html]
[cdn.shopify.com/s/files/1/1116/9832/products/spoiled-mama-gift-certificategift-cardthe-spoiled-mama-incthe-spoiled-mama-10699341_4e702455-d471-4d90-8d3d-41f30722ed02_large.1dd02d]
[cdn.shopify.com/s/files/1/1116/9832/products/spoiled-mama-gift-certificategift-cardthe-spoiled-mama-incthe-spoiled-mama-10699341_4e702455-d471-4d90-8d3d-41f30722ed02_compact.1de0]
[www.thespoiledmama.com/products/_/collections/postpartum-sitz-bath_]
[www.thespoiledmama.com/products/_/products/pregnancy-stretch-mark-prevention-kit_]
[www.thespoiledmama.com/products/_https_/www.thespoiledmama.com/collections/pregnancy-gift-baskets_]
[www.thespoiledmama.com/products/the-spoiled-mama-gift-certificate.html]
[pinterest.com/pin/create/button/indexa170.html]
[www.thespoiledmama.com/products/_https_/the-spoiled-mama-inc.myshopify.com/collections/stretch-marks_.html]
[www.thespoiledmama.com/products/_https_/www.thespoiledmama.com/products/bump-gloss-pregnancy-stretch-mark-oil_.html]
[www.thespoiledmama.com/products/_https_/www.thespoiledmama.com/collections/tummy-butter_.html]
[www.thespoiledmama.com/products/_https_/www.thespoiledmama.com/collections/pregnancy-oil/products/pregnancy-stretch-mark-prevention-kit_.html]
[www.thespoiledmama.com/products/_https_/cdn.shopify.com/s/files/1/1116/9832/files/cocoabutter-400x320_d6422d27-50a9-4c90-91f8-4877e58faf70_largecf18.png]
[www.thespoiledmama.com/products/_https_/cdn.shopify.com/s/files/1/1116/9832/files/tamanu-400x320_38956905-57da-4b77-a9aa-59f5737a7730_large3abf.png]
[www.thespoiledmama.com/products/_https_/cdn.shopify.com/s/files/1/1116/9832/files/seabuckthorn-400x320_large05a5.png]
[www.thespoiledmama.com/products/_https_/cdn.shopify.com/s/files/1/1116/9832/files/rosehip-400x320_3f47e42d-efaa-414f-ae2b-5e21550c6c77_large0422.png]
[cdn1.stamped.io/files/widget.min.css]
[static.afterpay.com/modal/us.css]
[static.afterpay.com/us-popup-medium.png]
[static.afterpay.com/us-popup-small.png]
[static.afterpay.com/lightbox-desktop-cbt.png]
[static.afterpay.com/lightbox-mobile-cbt.png]
[static.afterpay.com/lightbox-desktop.png]
[static.afterpay.com/lightbox-mobile.png]
[ajax.googleapis.com/ajax/libs/jquery/3.4.1/jquery.min.js]
[static.afterpay.com/shopify-afterpay-javascript.js]
[cdn.shopify.com/s/files/1/1116/9832/t/47/assets/icons8430.svg]
[cdn.shopify.com/s/files/1/1116/9832/t/47/assets/ico-selectc881.svg]
[cdn.shopify.com/s/files/1/1116/9832/t/47/assets/custom-icons9485.html]
[cdn.shopify.com/s/files/1/1116/9832/t/47/assets/fa-brands-400.svg]
[cdn.shopify.com/s/files/1/1116/9832/t/47/assets/fa-light-300.svg]
[cdn.shopify.com/s/files/1/1116/9832/t/47/assets/fa-regular-400.svg]
[cdn.shopify.com/s/files/1/1116/9832/t/47/assets/fa-solid-900.svg]
[cdn.shopify.com/s/files/1/1116/9832/t/47/assets/CrystalSkyAlt.svg]
[cdn.shopify.com/s/files/1/1116/9832/t/47/assets/Rams-Light.svg]
[cdn.shopify.com/s/files/1/1116/9832/t/47/assets/Rams-Bold.svg]
[pinterest.com/pin/create/button/indexa6a9.html]
[www.thespoiledmama.com/products/tummy-butter-for-pregnancy-stretch-marks__Tummy.html]
[www.thespoiledmama.com/products/_https_/www.thespoiledmama.com/products/indulge-stretch-mark-scrub_.html]
[www.thespoiledmama.com/products/_/cdn.shopify.com/s/files/1/1116/9832/files/tamanu-400x320_38956905-57da-4b77-a9aa-59f5737a7730_large5069.png]
[www.thespoiledmama.com/products/_/cdn.shopify.com/s/files/1/1116/9832/files/rosehip-400x320_3f47e42d-efaa-414f-ae2b-5e21550c6c77_large0422.png]
[www.thespoiledmama.com/products/_/cdn.shopify.com/s/files/1/1116/9832/files/borage-400x320_large50fc.png]
[pinterest.com/pin/create/button/indexeba8.html]
[www.thespoiledmama.com/products/_https_/www.thespoiledmama.com/collections/skin-serum_.html]
[www.thespoiledmama.com/products/tummy-butter-for-pregnancy-stretch-marks_.html]
[www.thespoiledmama.com/products/_/cdn.shopify.com/s/files/1/1116/9832/files/witchhazel-400x320_large2814.png]
[www.thespoiledmama.com/products/_/cdn.shopify.com/s/files/1/1116/9832/files/jojobaoil-400x320_large8a1c.png]
[www.thespoiledmama.com/products/_/cdn.shopify.com/s/files/1/1116/9832/files/greentea-400x320_largec4d0.png]
[www.thespoiledmama.com/products/_/cdn.shopify.com/s/files/1/1116/9832/files/aloevera-400x320_1ba557c4-dbd7-4d6e-be35-8e4ca64e7762_large0422.png]
[pinterest.com/pin/create/button/index42d1.html]
[www.thespoiledmama.com/products/_https_/www.thespoiledmama.com/collections/pregnancy-acne_.html]
[www.thespoiledmama.com/products/_https_/www.thespoiledmama.com/products/balanc-acne-toner_.html]
[pinterest.com/pin/create/button/indexc634.html]
[www.thespoiledmama.com/products/_https_/www.thespoiledmama.com/collections/swollen-feet-and-ankles_.html]
[www.thespoiledmama.com/products/_https_/www.thespoiledmama.com/collections/post-pregnancy-care_.html]
[www.thespoiledmama.com/products/_/cdn.shopify.com/s/files/1/1116/9832/files/cucumber-400x320_largecff2.png]
[www.thespoiledmama.com/products/_/cdn.shopify.com/s/files/1/1116/9832/files/spirulina-400x320_large16c3.png]
[pinterest.com/pin/create/button/index3c99.html]
[cdn.shopify.com/s/files/1/1116/9832/products/2018__Exfoliating-Gloves_22c32ce0-2197-4019-b42f-e2601defb4e7_grandeb98e.jpg]
[www.thespoiledmama.com/products/exfoliating-body-gloves.oembed]
[cdn.shopify.com/s/files/1/1116/9832/products/2018__Exfoliating-Gloves_22c32ce0-2197-4019-b42f-e2601defb4e7_largeb98e.jpg]
[cdn.shopify.com/s/files/1/1116/9832/products/exfoliating-glovesexfoliating-glovesthe-spoiled-mama-incthe-spoiled-mama-10699307_9323d8f0-79e8-4f60-af42-42f65f6d3b20_grande.1efaaea]
[cdn.shopify.com/s/files/1/1116/9832/products/2018__Exfoliating-Gloves_22c32ce0-2197-4019-b42f-e2601defb4e7_compactb98e.jpg]
[www.thespoiledmama.com/products/indulge-body-polish-for-stretch-mark-prevention.1f4.delayed]
[cdn.shopify.com/s/files/1/1116/9832/products/exfoliating-glovesexfoliating-glovesthe-spoiled-mama-incthe-spoiled-mama-10699307_9323d8f0-79e8-4f60-af42-42f65f6d3b20_large.1f2aaea]
[cdn.shopify.com/s/files/1/1116/9832/products/exfoliating-glovesexfoliating-glovesthe-spoiled-mama-incthe-spoiled-mama-10699307_9323d8f0-79e8-4f60-af42-42f65f6d3b20_compact.1f3aae]
[www.thespoiledmama.com/products/_https_/www.thespoiledmama.com/collections/body-wash/products/luxe-mama-body-wash-for-pregnancy_.1f6.delayed]
[www.thespoiledmama.com/products/_/products/indulge-body-polish-for-stretch-mark-prevention_]
[www.thespoiledmama.com/products/_/collections/skin-care-accessories__skin]
[www.thespoiledmama.com/products/_/products/exfoliating-sea-sponge__exfoliating]
[www.thespoiledmama.com/products/exfoliating-body-gloves.html]
[www.thespoiledmama.com/products/_https_/www.thespoiledmama.com/collections/pregnancy-gift-baskets/products/pregnancy-stretch-mark-prevention-trio_.html]
[www.thespoiledmama.com/products/_/collections/sugar-scrub_.html]
[www.thespoiledmama.com/products/_/products/tummy-butter-for-pregnancy-stretch-marks_.html]
[www.thespoiledmama.com/products/_/products/bump-gloss-pregnancy-stretch-mark-oil_.html]
[www.thespoiledmama.com/products/_/products/exfoliating-body-gloves__spa.html]
[www.thespoiledmama.com/products/_/collections/stretch-marks_.html]
[www.thespoiledmama.com/products/_/cdn.shopify.com/s/files/1/1116/9832/files/sugar-400x320_largef5c9.png]
[www.thespoiledmama.com/products/_/cdn.shopify.com/s/files/1/1116/9832/files/sheabutter-400x320_large2efa.png]
[www.thespoiledmama.com/products/_/cdn.shopify.com/s/files/1/1116/9832/files/apricot-400x320_large4587.png]
[www.thespoiledmama.com/products/_/cdn.shopify.com/s/files/1/1116/9832/files/pumpkinseed-400x320_large7656.png]
[pinterest.com/pin/create/button/indexa39c.html]
[www.thespoiledmama.com/products/_https_/www.thespoiledmama.com/collections/body-wash_.html]
[www.thespoiledmama.com/products/_/products/exfoliating-body-gloves__exfoliating.html]
[www.thespoiledmama.com/products/_/collections/post-pregnancy-care_.html]
[www.thespoiledmama.com/products/_/products/exfoliating-sea-sponge_.html]
[pinterest.com/pin/create/button/indexa7ad.html]
[www.thespoiledmama.com/products/collections/nipple-cream__sore.html]
[www.thespoiledmama.com/products/collections/breastfeeding-care__breastfeeding.html]
[www.thespoiledmama.com/products/products/more-milk-please-breastfeeding-tea__tea.html]
[www.thespoiledmama.com/products/_/cdn.shopify.com/s/files/1/1116/9832/files/calendula-400x320_841a2e2e-3b8c-40fa-9be6-8ac870afe8ab_large4115.png]
[www.thespoiledmama.com/products/_/cdn.shopify.com/s/files/1/1116/9832/files/marshmallowroot_largeda62.jpg]
[www.thespoiledmama.com/products/_/cdn.shopify.com/s/files/1/1116/9832/files/plantainleaf-400x320_largeda62.png]
[pinterest.com/pin/create/button/index54b6.html]
[www.thespoiledmama.com/products/tea-strainer-spoon.oembed]
[cdn.shopify.com/s/files/1/1116/9832/products/2018_Tea-Strainer-Spoon_78d41b47-de21-4d67-b0fe-465218147816_grande9f0c.jpg]
[cdn.shopify.com/s/files/1/1116/9832/products/tea-strainer-spoon-01_a71eff76-d640-48f4-b956-644d1e32c732_grande9f0c.jpg]
[cdn.shopify.com/s/files/1/1116/9832/products/2018_Tea-Strainer-Spoon_78d41b47-de21-4d67-b0fe-465218147816_large9f0c.jpg]
[cdn.shopify.com/s/files/1/1116/9832/products/2018_Tea-Strainer-Spoon_78d41b47-de21-4d67-b0fe-465218147816_compact9f0c.jpg]
[cdn.shopify.com/s/files/1/1116/9832/products/tea-strainer-spoon-01_a71eff76-d640-48f4-b956-644d1e32c732_large9f0c.jpg]
[cdn.shopify.com/s/files/1/1116/9832/products/tea-strainer-spoon-01_a71eff76-d640-48f4-b956-644d1e32c732_compact9f0c.jpg]
[www.thespoiledmama.com/products/_/collections/pregnancy-tea_.203.delayed]
[www.thespoiledmama.com/products/_/collections/breastfeeding-tea_]
[www.thespoiledmama.com/products/tea-strainer-spoon.html]
[www.thespoiledmama.com/products/_https_/www.thespoiledmama.com/collections/breastfeeding-tea__tea.html]
[www.thespoiledmama.com/products/_https_/the-spoiled-mama-inc.myshopify.com/collections/pregnancy-tea__pregnancy.html]
[www.thespoiledmama.com/products/tea-strainer-spoon__tea.html]
[www.thespoiledmama.com/products/_https_/www.thespoiledmama.com/collections/breastfeeding-care/products/nipstick-cream-for-sore-nipples_.html]
[www.thespoiledmama.com/products/_/cdn.shopify.com/s/files/1/1116/9832/files/fenugreek-400x320_large8675.png]
[www.thespoiledmama.com/products/_/cdn.shopify.com/s/files/1/1116/9832/files/fennel-400x320_largececa.png]
[www.thespoiledmama.com/products/_/cdn.shopify.com/s/files/1/1116/9832/files/redraspberryleaf_largea0ba.jpg]
[www.thespoiledmama.com/products/_/cdn.shopify.com/s/files/1/1116/9832/files/blessedthistle-400x320_large405a.png]
[pinterest.com/pin/create/button/indexe120.html]
[www.thespoiledmama.com/products/collections/pregnancy-acne__pregnancy.html]
[www.thespoiledmama.com/products/products/rehab-serum-for-pregnancy-acne__pregnancy.html]
[www.thespoiledmama.com/products/collections/skin-serum__pregnancy.html]
[www.thespoiledmama.com/products/_/cdn.shopify.com/s/files/1/1116/9832/files/aloevera-400x320_1ba557c4-dbd7-4d6e-be35-8e4ca64e7762_largea5c2.png]
[www.thespoiledmama.com/products/_/cdn.shopify.com/s/files/1/1116/9832/files/witchhazel-400x320_largec999.png]
[www.thespoiledmama.com/products/_/cdn.shopify.com/s/files/1/1116/9832/files/geranium-400x320_large4325.png]
[pinterest.com/pin/create/button/index3158.html]
[www.thespoiledmama.com/products/_https_/the-spoiled-mama-inc.myshopify.com/collections/melasma-mask-of-pregnancy_.html]
[www.thespoiledmama.com/products/_/collections/skin-serum_.html]
[www.thespoiledmama.com/products/_/cdn.shopify.com/s/files/1/1116/9832/files/reishi-400x320_large6269.png]
[www.thespoiledmama.com/products/_/cdn.shopify.com/s/files/1/1116/9832/files/willowbark-400x320_large6866.png]
[www.thespoiledmama.com/products/_/cdn.shopify.com/s/files/1/1116/9832/files/licorice-400x320_largea4a7.png]
[pinterest.com/pin/create/button/index7a18.html]
[www.thespoiledmama.com/products/remodel-serum-for-stretch-marks_.html]
[www.thespoiledmama.com/products/_/cdn.shopify.com/s/files/1/1116/9832/files/cocoabutter-400x320_d6422d27-50a9-4c90-91f8-4877e58faf70_largecf18.png]
[www.thespoiledmama.com/products/_/cdn.shopify.com/s/files/1/1116/9832/files/tamanu-400x320_38956905-57da-4b77-a9aa-59f5737a7730_large3abf.png]
[www.thespoiledmama.com/products/_/cdn.shopify.com/s/files/1/1116/9832/files/seabuckthorn-400x320_large05a5.png]
[pinterest.com/pin/create/button/index5749.html]
[www.thespoiledmama.com/products/_https_/www.thespoiledmama.com/collections/post-pregnancy-care__.html]
[www.thespoiledmama.com/products/_/cdn.shopify.com/s/files/1/1116/9832/files/chamomile-400x320_large6a7a.png]
[www.thespoiledmama.com/products/_/cdn.shopify.com/s/files/1/1116/9832/files/plantainleaf-400x320_large2492.png]
[www.thespoiledmama.com/products/_/cdn.shopify.com/s/files/1/1116/9832/files/marshmallow_large6706.jpg]
[www.thespoiledmama.com/products/_/cdn.shopify.com/s/files/1/1116/9832/files/calendula-400x320_large9be3.png]
[pinterest.com/pin/create/button/index6352.html]
[www.thespoiledmama.com/products/pregnancy-stretch-mark-prevention-kit.oembed]
[cdn.shopify.com/s/files/1/1116/9832/products/strech-marks_b4c0dd0e-ed4c-48dc-8c75-33bf57252035_grandeee3a.png]
[cdn.shopify.com/s/files/1/1116/9832/products/PREVENTION-KIT-PREGNANCY-STRETCH-MARKS-TREATMENT-_CR-2528-Shot-9-compressor_6b3ed260-4fab-47a9-bd1f-7e951ddeeb7c_grande.208e778.delay]
[cdn.shopify.com/s/files/1/1116/9832/products/strech-marks_b4c0dd0e-ed4c-48dc-8c75-33bf57252035_largeee3a.png]
[cdn.shopify.com/s/files/1/1116/9832/products/PREVENTION-KIT-PREGNANCY-STRETCH-MARKS-TREATMENT-_CR-2528-Shot-9-compressor_6b3ed260-4fab-47a9-bd1f-7e951ddeeb7c_large.20ae778.delaye]
[cdn.shopify.com/s/files/1/1116/9832/products/PREVENTION-KIT-PREGNANCY-STRETCH-MARKS-TREATMENT-_CR-2528-Shot-9-compressor_6b3ed260-4fab-47a9-bd1f-7e951ddeeb7c_compact.20be778.dela]
[cdn.shopify.com/s/files/1/1116/9832/products/strech-marks_b4c0dd0e-ed4c-48dc-8c75-33bf57252035_compactee3a.png]
[www.thespoiledmama.com/products/_https_/www.thespoiledmama.com/products/tummy-butter-for-pregnancy-stretch-marks_.20e.delayed]
[www.thespoiledmama.com/products/bump-gloss-pregnancy-stretch-mark-oil_]
[cdn.stamped.io/uploads/photos/thumb/5583_6027250945_d113580e_ac27_46b4_8ea1_2b731cbd2969.jpg]
[cdn.stamped.io/uploads/photos/5583_6027250945_d113580e_ac27_46b4_8ea1_2b731cbd2969.jpg]
[cdn.stamped.io/uploads/photos/thumb/5583_6027250945_8111822e_045a_489c_8c51_4f28b9540c54.jpg]
[cdn.stamped.io/uploads/photos/5583_6027250945_8111822e_045a_489c_8c51_4f28b9540c54.jpg]
[www.thespoiledmama.com/products/pregnancy-stretch-mark-prevention-kit.html]
[www.thespoiledmama.com/products/_/collections/postpartum-sitz-bath_.html]
[www.thespoiledmama.com/products/_/products/pregnancy-stretch-mark-prevention-kit_.html]
[www.thespoiledmama.com/products/_https_/www.thespoiledmama.com/collections/pregnancy-gift-baskets_.html]
[pinterest.com/pin/create/button/index72be.html]
[static.afterpay.com/modal/us.css]
[pinterest.com/pin/create/button/index3ec2.html]
[pinterest.com/pin/create/button/index6148.html]
[pinterest.com/pin/create/button/index8ead.html]
[pinterest.com/pin/create/button/index153d.html]
[pinterest.com/pin/create/button/indexfe94.html]
[pinterest.com/pin/create/button/index6bd3.html]
[www.thespoiledmama.com/products/_https_/www.thespoiledmama.com/collections/body-wash/products/luxe-mama-body-wash-for-pregnancy_.html]
[www.thespoiledmama.com/products/_/products/indulge-body-polish-for-stretch-mark-prevention_.html]
[www.thespoiledmama.com/products/_/collections/skin-care-accessories__skin.html]
[www.thespoiledmama.com/products/_/products/exfoliating-sea-sponge__exfoliating.html]
[pinterest.com/pin/create/button/index93d8.html]
[pinterest.com/pin/create/button/index01c3.html]
[pinterest.com/pin/create/button/index61a1.html]
[pinterest.com/pin/create/button/index2e56.html]
[www.thespoiledmama.com/products/_/collections/pregnancy-tea_.html]
[www.thespoiledmama.com/products/_/collections/breastfeeding-tea_.html]
[pinterest.com/pin/create/button/indexeac0.html]
[pinterest.com/pin/create/button/index4bc6.html]
[pinterest.com/pin/create/button/index2a43.html]
[pinterest.com/pin/create/button/index8257.html]
[pinterest.com/pin/create/button/index6648.html]
[pinterest.com/pin/create/button/indexee60.html]
[www.thespoiledmama.com/products/_https_/www.thespoiledmama.com/products/tummy-butter-for-pregnancy-stretch-marks_.html]
[www.thespoiledmama.com/products/bump-gloss-pregnancy-stretch-mark-oil_.html]
[pinterest.com/pin/create/button/indexfcf5.html]
[pinterest.com/pin/create/button/index7d32.html]
[pinterest.com/pin/create/button/index67fe.html]
